merge: 杞藉叆鏃㈡湁绉嶅瓙 ['0', '1', '2']

######################################################################
# seed 3
######################################################################
      [chamfer_pooled] step 4000/8000  loss 0.0486
      [chamfer_pooled] step 8000/8000  loss 0.0422
    rho=0.9167  cov=8.00  disp=0.484  |rho_j-1|=0.425  cSW=0.3872
    rho_j = [1.832, 1.22, 0.795, 0.56]

######################################################################
# seed 4
######################################################################
      [chamfer_pooled] step 4000/8000  loss 0.0543
      [chamfer_pooled] step 8000/8000  loss 0.0456
    rho=0.8867  cov=7.75  disp=0.635  |rho_j-1|=0.495  cSW=0.5262
    rho_j = [2.117, 0.811, 1.071, 0.396]

鍙備笌姹囨€荤殑绉嶅瓙: [0, 1, 2, 3, 4]

==============================================================================
姹犲寲闈炲钩琛?Chamfer锛? 绉嶅瓙骞冲潎锛?
  rho=0.9474卤0.0492  cov=7.80  disp=0.508  |rho_j-1|=0.433  cSW=0.3973卤0.0695
  鐢ㄦ椂 234s
==============================================================================
鎶ュ憡宸插啓鍏?D:\Projects\寮哄寲瀛︿範\02_绉戠爺閫夐\09_鎶曠鑽夌_鍗曟鍏呭垎鎬у垽鍒噺\results\chamfer_pooled.json

澶嶇幇鎬ц嚜妫€锛坴s 淇鍓嶇殑鍘熷浜х墿锛岄檺鍏卞悓绉嶅瓙 [0, 1, 2]锛?
  rho            new=0.9778425439  old=0.9822788934  |diff|=4.436e-03
  rho_std        new=0.0395016924  old=0.0411630082  |diff|=1.661e-03
  coverage       new=7.7500000000  old=7.5000000000  |diff|=2.500e-01
  rho_disp       new=0.4739694202  old=0.4742600565  |diff|=2.906e-04
  rho_disp_std   new=0.0886115348  old=0.0889058099  |diff|=2.943e-04
  rho_abs_err    new=0.4152294049  old=0.4348140056  |diff|=1.958e-02
  csw            new=0.3577224411  old=0.3909676600  |diff|=3.325e-02
  csw_std        new=0.0301789290  old=0.0718718231  |diff|=4.169e-02
  鏈€澶у瓧娈靛樊 = 2.500e-01
