merge: 杞藉叆鏃㈡湁绉嶅瓙 ['0', '1', '2']

######################################################################
# seed 3
######################################################################

  [onestep_l2]
      [onestep_l2] step 4000/8000  loss 4.5846
      [onestep_l2] step 8000/8000  loss 4.7890
    rho=0.0001  cov=0.00  disp=0.000  |rho_j-1|=1.000  cSW=0.7023
    rho_j = [0.0, 0.0, 0.0, 0.0]

  [onestep_chamfer]
      [onestep_chamfer] step 4000/8000  loss 0.0757
      [onestep_chamfer] step 8000/8000  loss 0.0590
    rho=0.9878  cov=8.00  disp=0.015  |rho_j-1|=0.013  cSW=0.1270
    rho_j = [1.003, 0.967, 1.001, 0.983]

  [onestep_balanced]
      [onestep_balanced] step 4000/8000  loss 0.5656
      [onestep_balanced] step 8000/8000  loss 0.4309
    rho=0.9176  cov=8.00  disp=0.033  |rho_j-1|=0.071  cSW=0.0714
    rho_j = [0.946, 0.971, 0.915, 0.884]

######################################################################
# seed 4
######################################################################

  [onestep_l2]
      [onestep_l2] step 4000/8000  loss 4.8068
      [onestep_l2] step 8000/8000  loss 4.8552
    rho=0.0001  cov=0.00  disp=0.000  |rho_j-1|=1.000  cSW=0.7013
    rho_j = [0.0, 0.0, 0.0, 0.0]

  [onestep_chamfer]
      [onestep_chamfer] step 4000/8000  loss 0.0734
      [onestep_chamfer] step 8000/8000  loss 0.0614
    rho=0.9795  cov=8.00  disp=0.016  |rho_j-1|=0.017  cSW=0.1218
    rho_j = [1.004, 0.997, 0.971, 0.969]

  [onestep_balanced]
      [onestep_balanced] step 4000/8000  loss 0.5238
      [onestep_balanced] step 8000/8000  loss 0.3979
    rho=0.8845  cov=8.00  disp=0.007  |rho_j-1|=0.113  cSW=0.0803
    rho_j = [0.898, 0.886, 0.883, 0.88]

鍙備笌姹囨€荤殑绉嶅瓙: [0, 1, 2, 3, 4]

==============================================================================
鎹熷け褰㈠紡闃舵锛? 绉嶅瓙骞冲潎锛?
  鎹熷け                 蟻              瑕嗙洊/8     disp(蟻_j)  |蟻_j鈭?|    cSW       
------------------------------------------------------------------------------
  onestep_l2         0.0001卤0.0001  0.00     0.000卤0.000 1.000      0.7024卤0.0026
  onestep_chamfer    0.9720卤0.0153  8.00     0.019卤0.005 0.027      0.1294卤0.0204
  onestep_balanced   0.8991卤0.0240  8.00     0.018卤0.009 0.097      0.0792卤0.0074
------------------------------------------------------------------------------
    B1_l2_collapses                  True
    B2_chamfer_escapes               True
    B3_balanced_escapes              True
    B4_balanced_less_weight_error    False
    B5_balanced_more_faithful        True
  鎻忚堪鎬ф瘮鍊硷紙涓嶈繘鍒ゆ嵁锛? |rho_j-1| chamfer/balanced = 0.28脳, cSW chamfer/balanced = 1.63脳
  VERDICT: PARTIAL      鐢ㄦ椂 469s
==============================================================================
鎶ュ憡宸插啓鍏?D:\Projects\寮哄寲瀛︿範\02_绉戠爺閫夐\09_鎶曠鑽夌_鍗曟鍏呭垎鎬у垽鍒噺\results\loss_ladder.json
