merge: 杞藉叆鏃㈡湁绉嶅瓙 ['0', '1', '2']

########################################################################
# seed 3
########################################################################

  [1/6] cfm_indep 鈥斺€?鏍囧噯 CFM锛岀嫭绔嬭€﹀悎
      [cfm_indep] step 4000/8000  loss 3.4769  (32s)
      [cfm_indep] step 8000/8000  loss 4.0943  (65s)

  [2/6] cfm_ot 鈥斺€?灏忔壒閲?OT 鑰﹀悎
      [cfm_ot] step 4000/8000  loss 0.1847  (48s)
      [cfm_ot] step 8000/8000  loss 0.1847  (96s)

  [3/6] reflow 鈥斺€?鐢?32 姝ユ祦鏄犲皠鐢熸垚纭畾鎬ч厤瀵瑰悗閲嶈
      [reflow] step 4000/8000  loss 0.0017  (33s)
      [reflow] step 8000/8000  loss 0.0006  (66s)

  [4/6] distill 鈥斺€?涓€姝ョ綉缁滀互 L2 钂搁 32 姝ユ祦鏄犲皠
      [distill] step 4000/8000  loss 0.0025  (37s)
      [distill] step 8000/8000  loss 0.0013  (76s)

  [5/6] onestep_l2 鈥斺€?涓€姝ョ綉缁滅洿鎺ュ x1 鍋?L2锛堢嫭绔嬭€﹀悎锛?
      [onestep_l2] step 4000/8000  loss 4.5846  (34s)
      [onestep_l2] step 8000/8000  loss 4.7890  (72s)

  [6/6] onestep_minM 鈥斺€?min-of-8 鎹熷け
      [onestep_minM] step 4000/8000  loss 1.0584  (101s)
      [onestep_minM] step 8000/8000  loss 0.9332  (191s)

########################################################################
# seed 4
########################################################################

  [1/6] cfm_indep 鈥斺€?鏍囧噯 CFM锛岀嫭绔嬭€﹀悎
      [cfm_indep] step 4000/8000  loss 4.4537  (37s)
      [cfm_indep] step 8000/8000  loss 4.2504  (82s)

  [2/6] cfm_ot 鈥斺€?灏忔壒閲?OT 鑰﹀悎
      [cfm_ot] step 4000/8000  loss 0.2716  (59s)
      [cfm_ot] step 8000/8000  loss 0.1659  (110s)

  [3/6] reflow 鈥斺€?鐢?32 姝ユ祦鏄犲皠鐢熸垚纭畾鎬ч厤瀵瑰悗閲嶈
      [reflow] step 4000/8000  loss 0.0016  (35s)
      [reflow] step 8000/8000  loss 0.0006  (68s)

  [4/6] distill 鈥斺€?涓€姝ョ綉缁滀互 L2 钂搁 32 姝ユ祦鏄犲皠
      [distill] step 4000/8000  loss 0.0056  (40s)
      [distill] step 8000/8000  loss 0.0014  (80s)

  [5/6] onestep_l2 鈥斺€?涓€姝ョ綉缁滅洿鎺ュ x1 鍋?L2锛堢嫭绔嬭€﹀悎锛?
      [onestep_l2] step 4000/8000  loss 4.8068  (36s)
      [onestep_l2] step 8000/8000  loss 4.8552  (70s)

  [6/6] onestep_minM 鈥斺€?min-of-8 鎹熷け
      [onestep_minM] step 4000/8000  loss 1.0867  (85s)
      [onestep_minM] step 8000/8000  loss 0.8715  (183s)

鍙備笌姹囨€荤殑绉嶅瓙: [0, 1, 2, 3, 4]

==============================================================================
璺ㄦ柟娉曟棌澶辨晥鍦板浘锛? 涓瀛愬钩鍧囷級
  鏂规硶                 蟻锛堝睍甯冧繚鐣欑巼锛?          瑕嗙洊妯℃€?8      
------------------------------------------------------------------------------
  cfm_indep@1        0.0067 卤 0.0016    0.05        
  cfm_indep@32       0.9646 卤 0.0095    8.00        
  cfm_ot@1           0.8949 卤 0.0164    8.00        
  cfm_ot@32          0.9928 卤 0.0145    8.00        
  reflow@1           0.9631 卤 0.0081    8.00        
  distill@1          0.9654 卤 0.0101    8.00        
  onestep_l2@1       0.0001 卤 0.0001    0.00        
  onestep_minM@1     0.8165 卤 0.0212    8.00        
------------------------------------------------------------------------------
    C1_indep_nfe1_collapses          True
    C2_indep_nfe32_recovers          True
    C3_ot_nfe1_recovers              True
    C4_reflow_nfe1_recovers          True
    C5_distill_nfe1_recovers         True
    C6_onestep_l2_floor              True
    C7_minM_escapes                  True
  VERDICT: PASS     鐢ㄦ椂 1166s
==============================================================================
鎶ュ憡宸插啓鍏?D:\Projects\寮哄寲瀛︿範\02_绉戠爺閫夐\09_鎶曠鑽夌_鍗曟鍏呭垎鎬у垽鍒噺\results\method_map.json
